// Jest Snapshot v1, https://goo.gl/fbAQLP

exports[`Should render Header correctly 1`] = `
<header>
  <h1>
    Expensify
  </h1>
  <div>
    <NavLink
      activeClassName="is-active"
      aria-current="page"
      exact={true}
      to="/"
    >
      Home
    </NavLink>
  </div>
  <div>
    <NavLink
      activeClassName="is-active"
      aria-current="page"
      to="/create"
    >
      Create Expense
    </NavLink>
  </div>
</header>
`;
